[pbs] host=GN-A40-012 start=Wed Jul  1 08:18:32 PM +08 2026
NVIDIA A40, 46068 MiB
INFO:    Environment variable SINGULARITYENV_EPOCHS is set, but APPTAINERENV_EPOCHS is preferred
INFO:    Environment variable SINGULARITYENV_FWEIGHT is set, but APPTAINERENV_FWEIGHT is preferred
INFO:    Environment variable SINGULARITYENV_PKGBASE is set, but APPTAINERENV_PKGBASE is preferred
INFO:    Environment variable SINGULARITYENV_LR is set, but APPTAINERENV_LR is preferred
INFO:    Environment variable SINGULARITYENV_BATCH is set, but APPTAINERENV_BATCH is preferred
INFO:    Environment variable SINGULARITYENV_FOUNDATION is set, but APPTAINERENV_FOUNDATION is preferred
[ft] foundation=/home/svu/e1582271/.cache/mace/20231210mace128L0_energy_epoch249model epochs=120 fweight=10 lr=0.0001 batch=4
/home/svu/e1582271/macepkg/lib/python3.10/site-packages/e3nn/o3/_wigner.py:10: FutureWarning: You are using `torch.load` with `weights_only=False` (the current default value), which uses the default pickle module implicitly. It is possible to construct malicious pickle data which will execute arbitrary code during unpickling (See https://github.com/pytorch/pytorch/blob/main/SECURITY.md#untrusted-models for more details). In a future release, the default value for `weights_only` will be flipped to `True`. This limits the functions that could be executed during unpickling. Arbitrary objects will no longer be allowed to be loaded via this mode unless they are explicitly allowlisted by the user via `torch.serialization.add_safe_globals`. We recommend you start setting `weights_only=True` for any use case where you don't have full control of the loaded file. Please open an issue on GitHub for any issues related to this experimental feature.
  _Jd, _W3j_flat, _W3j_indices = torch.load(os.path.join(os.path.dirname(__file__), 'constants.pt'))
cuequivariance or cuequivariance_torch is not available. Cuequivariance acceleration will be disabled.
2026-07-01 12:19:03.524 INFO: ===========VERIFYING SETTINGS===========
2026-07-01 12:19:03.525 INFO: MACE version: 0.3.16
2026-07-01 12:19:03.726 INFO: CUDA version: 12.4, CUDA device: 0
/home/svu/e1582271/macepkg/lib/python3.10/site-packages/mace/cli/run_train.py:181: FutureWarning: You are using `torch.load` with `weights_only=False` (the current default value), which uses the default pickle module implicitly. It is possible to construct malicious pickle data which will execute arbitrary code during unpickling (See https://github.com/pytorch/pytorch/blob/main/SECURITY.md#untrusted-models for more details). In a future release, the default value for `weights_only` will be flipped to `True`. This limits the functions that could be executed during unpickling. Arbitrary objects will no longer be allowed to be loaded via this mode unless they are explicitly allowlisted by the user via `torch.serialization.add_safe_globals`. We recommend you start setting `weights_only=True` for any use case where you don't have full control of the loaded file. Please open an issue on GitHub for any issues related to this experimental feature.
  model_foundation = torch.load(
2026-07-01 12:19:04.729 INFO: Using foundation model /home/svu/e1582271/.cache/mace/20231210mace128L0_energy_epoch249model as initial checkpoint.
2026-07-01 12:19:04.752 WARNING: Using multiheads finetuning with a foundation model that is not a Materials Project model, need to provied a path to a pretraining file with --pt_train_file.
2026-07-01 12:19:04.752 INFO: ===========LOADING INPUT DATA===========
2026-07-01 12:19:04.752 INFO: Using heads: ['Default']
2026-07-01 12:19:04.753 INFO: Using the key specifications to parse data:
2026-07-01 12:19:04.753 INFO: Default: KeySpecification(info_keys={'energy': 'dft_energy', 'stress': 'REF_stress', 'virials': 'REF_virials', 'dipole': 'dipole', 'head': 'head', 'elec_temp': 'elec_temp', 'total_charge': 'total_charge', 'polarizability': 'polarizability', 'total_spin': 'total_spin'}, arrays_keys={'forces': 'dft_forces', 'charges': 'REF_charges'})
2026-07-01 12:19:04.753 INFO: =============    Processing head Default     ===========
2026-07-01 12:19:04.829 INFO: Training set 1/1 [energy: 22, stress: 0, virials: 0, dipole components: 0, head: 22, elec_temp: 0, total_charge: 0, polarizability: 0, total_spin: 0, forces: 22, charges: 0]
2026-07-01 12:19:04.830 INFO: Total Training set [energy: 22, stress: 0, virials: 0, dipole components: 0, head: 22, elec_temp: 0, total_charge: 0, polarizability: 0, total_spin: 0, forces: 22, charges: 0]
2026-07-01 12:19:04.848 INFO: Validation set 1/1 [energy: 5, stress: 0, virials: 0, dipole components: 0, head: 5, elec_temp: 0, total_charge: 0, polarizability: 0, total_spin: 0, forces: 5, charges: 0]
2026-07-01 12:19:04.849 INFO: Total Validation set [energy: 5, stress: 0, virials: 0, dipole components: 0, head: 5, elec_temp: 0, total_charge: 0, polarizability: 0, total_spin: 0, forces: 5, charges: 0]
2026-07-01 12:19:04.849 INFO: Total number of configurations: train=22, valid=5, tests=[],
2026-07-01 12:19:04.849 WARNING: Validation batch size (10) is larger than the number of validation data (5)
2026-07-01 12:19:04.849 INFO: Atomic Numbers used: [np.int64(3), np.int64(15), np.int64(16), np.int64(17)]
2026-07-01 12:19:04.849 INFO: Isolated Atomic Energies (E0s) not in training file, using command line argument
2026-07-01 12:19:04.849 INFO: Computing average Atomic Energies using least squares regression
2026-07-01 12:19:04.923 INFO: Atomic Energies used (z: eV) for head Default: {3: -333.11543950733324, 15: -55.519239917888854, 16: -277.59619958944444, 17: -55.51923991788889}
2026-07-01 12:19:04.923 INFO: Processing datasets for head 'Default'
2026-07-01 12:19:05.381 INFO: Combining 1 list datasets for head 'Default'
2026-07-01 12:19:05.395 INFO: Combining 1 list datasets for head 'Default_valid'
2026-07-01 12:19:05.395 INFO: Combined validation datasets for Default
2026-07-01 12:19:05.395 INFO: Head 'Default' training dataset size: 22
2026-07-01 12:19:05.396 INFO: Computing average number of neighbors
2026-07-01 12:19:05.546 INFO: Average number of neighbors: 40.75
2026-07-01 12:19:05.546 INFO: During training the following quantities will be reported: energy, forces
2026-07-01 12:19:05.546 INFO: ===========MODEL DETAILS===========
2026-07-01 12:19:05.752 INFO: Loading FOUNDATION model
2026-07-01 12:19:05.754 INFO: Using filtered elements: [np.int64(3), np.int64(15), np.int64(16), np.int64(17)]
2026-07-01 12:19:05.754 INFO: Model configuration extracted from foundation model
2026-07-01 12:19:05.754 INFO: Using weighted loss function for fine-tuning
2026-07-01 12:19:05.754 INFO: Message passing with hidden irreps 128x0e)
2026-07-01 12:19:05.754 INFO: 2 layers, each with correlation order: 3 (body order: 4) and spherical harmonics up to: l=3
2026-07-01 12:19:05.754 INFO: Radial cutoff: 6.0 A (total receptive field for each atom: 12.0 A)
2026-07-01 12:19:05.754 INFO: Distance transform for radial basis functions: None
/usr/local/lib/python3.10/dist-packages/torch/jit/_check.py:178: UserWarning: The TorchScript type system doesn't support instance-level annotations on empty non-base types in `__init__`. Instead, either 1) use a type annotation in the class body, or 2) wrap the type in `torch.jit.Attribute`.
  warnings.warn(
/usr/local/lib/python3.10/dist-packages/torch/jit/_check.py:178: UserWarning: The TorchScript type system doesn't support instance-level annotations on empty non-base types in `__init__`. Instead, either 1) use a type annotation in the class body, or 2) wrap the type in `torch.jit.Attribute`.
  warnings.warn(
/usr/local/lib/python3.10/dist-packages/torch/jit/_check.py:178: UserWarning: The TorchScript type system doesn't support instance-level annotations on empty non-base types in `__init__`. Instead, either 1) use a type annotation in the class body, or 2) wrap the type in `torch.jit.Attribute`.
  warnings.warn(
/usr/local/lib/python3.10/dist-packages/torch/jit/_check.py:178: UserWarning: The TorchScript type system doesn't support instance-level annotations on empty non-base types in `__init__`. Instead, either 1) use a type annotation in the class body, or 2) wrap the type in `torch.jit.Attribute`.
  warnings.warn(
/usr/local/lib/python3.10/dist-packages/torch/jit/_check.py:178: UserWarning: The TorchScript type system doesn't support instance-level annotations on empty non-base types in `__init__`. Instead, either 1) use a type annotation in the class body, or 2) wrap the type in `torch.jit.Attribute`.
  warnings.warn(
/usr/local/lib/python3.10/dist-packages/torch/jit/_check.py:178: UserWarning: The TorchScript type system doesn't support instance-level annotations on empty non-base types in `__init__`. Instead, either 1) use a type annotation in the class body, or 2) wrap the type in `torch.jit.Attribute`.
  warnings.warn(
/usr/local/lib/python3.10/dist-packages/torch/jit/_check.py:178: UserWarning: The TorchScript type system doesn't support instance-level annotations on empty non-base types in `__init__`. Instead, either 1) use a type annotation in the class body, or 2) wrap the type in `torch.jit.Attribute`.
  warnings.warn(
/usr/local/lib/python3.10/dist-packages/torch/jit/_check.py:178: UserWarning: The TorchScript type system doesn't support instance-level annotations on empty non-base types in `__init__`. Instead, either 1) use a type annotation in the class body, or 2) wrap the type in `torch.jit.Attribute`.
  warnings.warn(
/usr/local/lib/python3.10/dist-packages/torch/jit/_check.py:178: UserWarning: The TorchScript type system doesn't support instance-level annotations on empty non-base types in `__init__`. Instead, either 1) use a type annotation in the class body, or 2) wrap the type in `torch.jit.Attribute`.
  warnings.warn(
/usr/local/lib/python3.10/dist-packages/torch/jit/_check.py:178: UserWarning: The TorchScript type system doesn't support instance-level annotations on empty non-base types in `__init__`. Instead, either 1) use a type annotation in the class body, or 2) wrap the type in `torch.jit.Attribute`.
  warnings.warn(
/usr/local/lib/python3.10/dist-packages/torch/jit/_check.py:178: UserWarning: The TorchScript type system doesn't support instance-level annotations on empty non-base types in `__init__`. Instead, either 1) use a type annotation in the class body, or 2) wrap the type in `torch.jit.Attribute`.
  warnings.warn(
/usr/local/lib/python3.10/dist-packages/torch/jit/_check.py:178: UserWarning: The TorchScript type system doesn't support instance-level annotations on empty non-base types in `__init__`. Instead, either 1) use a type annotation in the class body, or 2) wrap the type in `torch.jit.Attribute`.
  warnings.warn(
/usr/local/lib/python3.10/dist-packages/torch/jit/_check.py:178: UserWarning: The TorchScript type system doesn't support instance-level annotations on empty non-base types in `__init__`. Instead, either 1) use a type annotation in the class body, or 2) wrap the type in `torch.jit.Attribute`.
  warnings.warn(
/usr/local/lib/python3.10/dist-packages/torch/jit/_check.py:178: UserWarning: The TorchScript type system doesn't support instance-level annotations on empty non-base types in `__init__`. Instead, either 1) use a type annotation in the class body, or 2) wrap the type in `torch.jit.Attribute`.
  warnings.warn(
2026-07-01 12:19:07.722 INFO: ===========OPTIMIZER INFORMATION===========
2026-07-01 12:19:07.724 INFO: Using ADAM as parameter optimizer
2026-07-01 12:19:07.724 INFO: Batch size: 4
2026-07-01 12:19:07.724 INFO: Number of gradient updates: 660
2026-07-01 12:19:07.724 INFO: Learning rate: 0.0001, weight decay: 5e-07
2026-07-01 12:19:07.725 INFO: WeightedEnergyForcesLoss(energy_weight=1.000, forces_weight=10.000)
2026-07-01 12:19:07.725 INFO: === Layer's learning rates ===
2026-07-01 12:19:07.725 INFO: Param group 0: lr = 0.0001
2026-07-01 12:19:07.725 INFO: Param group 1: lr = 0.0001
2026-07-01 12:19:07.726 INFO: Param group 2: lr = 0.0001
2026-07-01 12:19:07.726 INFO: Param group 3: lr = 0.0001
2026-07-01 12:19:07.726 INFO: Param group 4: lr = 0.0001
2026-07-01 12:19:07.726 INFO: Stage Two (after 90 epochs) with loss function: WeightedEnergyForcesLoss(energy_weight=1000.000, forces_weight=100.000), with energy weight : 1000.0, forces weight : 100.0 and learning rate : 0.001
2026-07-01 12:19:07.819 INFO: Using gradient clipping with tolerance=10.000
2026-07-01 12:19:07.819 INFO: 
2026-07-01 12:19:07.819 INFO: ===========TRAINING===========
2026-07-01 12:19:07.819 INFO: Started training, reporting errors on validation set
2026-07-01 12:19:07.819 INFO: Loss metrics on validation set
2026-07-01 12:19:11.737 INFO: Initial: head: Default, loss=0.11268695, RMSE_E_per_atom=  117.70 meV, RMSE_F=  234.43 meV / A
2026-07-01 12:19:20.171 INFO: Epoch 0: head: Default, loss=0.08257435, RMSE_E_per_atom=  117.01 meV, RMSE_F=  199.79 meV / A
2026-07-01 12:19:20.881 INFO: Epoch 1: head: Default, loss=0.06707572, RMSE_E_per_atom=  115.43 meV, RMSE_F=  179.46 meV / A
2026-07-01 12:19:21.289 INFO: Epoch 2: head: Default, loss=0.05908203, RMSE_E_per_atom=  112.09 meV, RMSE_F=  168.18 meV / A
2026-07-01 12:19:21.695 INFO: Epoch 3: head: Default, loss=0.05286144, RMSE_E_per_atom=  106.50 meV, RMSE_F=  159.05 meV / A
2026-07-01 12:19:22.096 INFO: Epoch 4: head: Default, loss=0.04646525, RMSE_E_per_atom=   98.22 meV, RMSE_F=  149.22 meV / A
2026-07-01 12:19:22.495 INFO: Epoch 5: head: Default, loss=0.04152225, RMSE_E_per_atom=   89.82 meV, RMSE_F=  141.26 meV / A
2026-07-01 12:19:22.892 INFO: Epoch 6: head: Default, loss=0.03798059, RMSE_E_per_atom=   80.63 meV, RMSE_F=  135.43 meV / A
2026-07-01 12:19:23.296 INFO: Epoch 7: head: Default, loss=0.03545657, RMSE_E_per_atom=   72.33 meV, RMSE_F=  131.17 meV / A
2026-07-01 12:19:23.703 INFO: Epoch 8: head: Default, loss=0.03355785, RMSE_E_per_atom=   62.78 meV, RMSE_F=  128.00 meV / A
2026-07-01 12:19:24.101 INFO: Epoch 9: head: Default, loss=0.03191467, RMSE_E_per_atom=   55.22 meV, RMSE_F=  125.11 meV / A
2026-07-01 12:19:24.506 INFO: Epoch 10: head: Default, loss=0.03069734, RMSE_E_per_atom=   46.26 meV, RMSE_F=  123.02 meV / A
2026-07-01 12:19:24.902 INFO: Epoch 11: head: Default, loss=0.02964078, RMSE_E_per_atom=   37.01 meV, RMSE_F=  121.18 meV / A
2026-07-01 12:19:25.303 INFO: Epoch 12: head: Default, loss=0.02880266, RMSE_E_per_atom=   27.98 meV, RMSE_F=  119.68 meV / A
2026-07-01 12:19:25.710 INFO: Epoch 13: head: Default, loss=0.02777122, RMSE_E_per_atom=   21.32 meV, RMSE_F=  117.64 meV / A
2026-07-01 12:19:26.118 INFO: Epoch 14: head: Default, loss=0.02698671, RMSE_E_per_atom=   14.73 meV, RMSE_F=  116.07 meV / A
2026-07-01 12:19:26.516 INFO: Epoch 15: head: Default, loss=0.02615035, RMSE_E_per_atom=    9.86 meV, RMSE_F=  114.30 meV / A
2026-07-01 12:19:26.912 INFO: Epoch 16: head: Default, loss=0.02562215, RMSE_E_per_atom=    5.86 meV, RMSE_F=  113.17 meV / A
2026-07-01 12:19:27.319 INFO: Epoch 17: head: Default, loss=0.02480572, RMSE_E_per_atom=    3.82 meV, RMSE_F=  111.36 meV / A
2026-07-01 12:19:27.714 INFO: Epoch 18: head: Default, loss=0.02418441, RMSE_E_per_atom=    2.43 meV, RMSE_F=  109.96 meV / A
2026-07-01 12:19:28.125 INFO: Epoch 19: head: Default, loss=0.02366864, RMSE_E_per_atom=    2.40 meV, RMSE_F=  108.78 meV / A
2026-07-01 12:19:28.529 INFO: Epoch 20: head: Default, loss=0.02327691, RMSE_E_per_atom=    2.95 meV, RMSE_F=  107.88 meV / A
2026-07-01 12:19:28.936 INFO: Epoch 21: head: Default, loss=0.02275945, RMSE_E_per_atom=    3.38 meV, RMSE_F=  106.67 meV / A
2026-07-01 12:19:29.340 INFO: Epoch 22: head: Default, loss=0.02223273, RMSE_E_per_atom=    4.17 meV, RMSE_F=  105.43 meV / A
2026-07-01 12:19:29.747 INFO: Epoch 23: head: Default, loss=0.02188530, RMSE_E_per_atom=    4.65 meV, RMSE_F=  104.60 meV / A
2026-07-01 12:19:30.150 INFO: Epoch 24: head: Default, loss=0.02142313, RMSE_E_per_atom=    4.65 meV, RMSE_F=  103.49 meV / A
2026-07-01 12:19:30.555 INFO: Epoch 25: head: Default, loss=0.02100395, RMSE_E_per_atom=    4.48 meV, RMSE_F=  102.47 meV / A
2026-07-01 12:19:30.964 INFO: Epoch 26: head: Default, loss=0.02061361, RMSE_E_per_atom=    4.07 meV, RMSE_F=  101.51 meV / A
2026-07-01 12:19:31.370 INFO: Epoch 27: head: Default, loss=0.02026021, RMSE_E_per_atom=    4.01 meV, RMSE_F=  100.64 meV / A
2026-07-01 12:19:31.785 INFO: Epoch 28: head: Default, loss=0.02008133, RMSE_E_per_atom=    4.66 meV, RMSE_F=  100.19 meV / A
2026-07-01 12:19:32.199 INFO: Epoch 29: head: Default, loss=0.01963298, RMSE_E_per_atom=    3.96 meV, RMSE_F=   99.07 meV / A
2026-07-01 12:19:32.611 INFO: Epoch 30: head: Default, loss=0.01943357, RMSE_E_per_atom=    3.85 meV, RMSE_F=   98.57 meV / A
2026-07-01 12:19:33.018 INFO: Epoch 31: head: Default, loss=0.01919339, RMSE_E_per_atom=    4.14 meV, RMSE_F=   97.95 meV / A
2026-07-01 12:19:33.422 INFO: Epoch 32: head: Default, loss=0.01870754, RMSE_E_per_atom=    3.51 meV, RMSE_F=   96.71 meV / A
2026-07-01 12:19:33.825 INFO: Epoch 33: head: Default, loss=0.01849553, RMSE_E_per_atom=    3.91 meV, RMSE_F=   96.16 meV / A
2026-07-01 12:19:34.238 INFO: Epoch 34: head: Default, loss=0.01847376, RMSE_E_per_atom=    4.57 meV, RMSE_F=   96.10 meV / A
2026-07-01 12:19:34.643 INFO: Epoch 35: head: Default, loss=0.01805259, RMSE_E_per_atom=    4.05 meV, RMSE_F=   95.00 meV / A
2026-07-01 12:19:35.042 INFO: Epoch 36: head: Default, loss=0.01784889, RMSE_E_per_atom=    4.29 meV, RMSE_F=   94.46 meV / A
2026-07-01 12:19:35.453 INFO: Epoch 37: head: Default, loss=0.01784732, RMSE_E_per_atom=    4.71 meV, RMSE_F=   94.45 meV / A
2026-07-01 12:19:35.861 INFO: Epoch 38: head: Default, loss=0.01729891, RMSE_E_per_atom=    3.44 meV, RMSE_F=   93.00 meV / A
2026-07-01 12:19:36.263 INFO: Epoch 39: head: Default, loss=0.01708764, RMSE_E_per_atom=    3.31 meV, RMSE_F=   92.43 meV / A
2026-07-01 12:19:36.672 INFO: Epoch 40: head: Default, loss=0.01724004, RMSE_E_per_atom=    4.45 meV, RMSE_F=   92.83 meV / A
2026-07-01 12:19:36.971 INFO: Epoch 41: head: Default, loss=0.01685530, RMSE_E_per_atom=    4.27 meV, RMSE_F=   91.79 meV / A
2026-07-01 12:19:37.377 INFO: Epoch 42: head: Default, loss=0.01657334, RMSE_E_per_atom=    3.97 meV, RMSE_F=   91.02 meV / A
2026-07-01 12:19:37.794 INFO: Epoch 43: head: Default, loss=0.01660196, RMSE_E_per_atom=    4.62 meV, RMSE_F=   91.10 meV / A
2026-07-01 12:19:38.093 INFO: Epoch 44: head: Default, loss=0.01642780, RMSE_E_per_atom=    4.80 meV, RMSE_F=   90.62 meV / A
2026-07-01 12:19:38.502 INFO: Epoch 45: head: Default, loss=0.01621897, RMSE_E_per_atom=    4.31 meV, RMSE_F=   90.04 meV / A
2026-07-01 12:19:38.912 INFO: Epoch 46: head: Default, loss=0.01592338, RMSE_E_per_atom=    3.81 meV, RMSE_F=   89.22 meV / A
2026-07-01 12:19:39.320 INFO: Epoch 47: head: Default, loss=0.01587021, RMSE_E_per_atom=    3.68 meV, RMSE_F=   89.07 meV / A
2026-07-01 12:19:39.722 INFO: Epoch 48: head: Default, loss=0.01583068, RMSE_E_per_atom=    3.95 meV, RMSE_F=   88.96 meV / A
2026-07-01 12:19:40.131 INFO: Epoch 49: head: Default, loss=0.01567331, RMSE_E_per_atom=    3.70 meV, RMSE_F=   88.52 meV / A
2026-07-01 12:19:40.535 INFO: Epoch 50: head: Default, loss=0.01548471, RMSE_E_per_atom=    3.34 meV, RMSE_F=   87.98 meV / A
2026-07-01 12:19:40.966 INFO: Epoch 51: head: Default, loss=0.01531977, RMSE_E_per_atom=    3.17 meV, RMSE_F=   87.52 meV / A
2026-07-01 12:19:41.393 INFO: Epoch 52: head: Default, loss=0.01519388, RMSE_E_per_atom=    3.00 meV, RMSE_F=   87.16 meV / A
2026-07-01 12:19:41.827 INFO: Epoch 53: head: Default, loss=0.01520115, RMSE_E_per_atom=    3.01 meV, RMSE_F=   87.18 meV / A
2026-07-01 12:19:42.120 INFO: Epoch 54: head: Default, loss=0.01519591, RMSE_E_per_atom=    3.30 meV, RMSE_F=   87.16 meV / A
2026-07-01 12:19:42.415 INFO: Epoch 55: head: Default, loss=0.01519578, RMSE_E_per_atom=    3.42 meV, RMSE_F=   87.16 meV / A
2026-07-01 12:19:42.707 INFO: Epoch 56: head: Default, loss=0.01508952, RMSE_E_per_atom=    3.63 meV, RMSE_F=   86.85 meV / A
2026-07-01 12:19:43.156 INFO: Epoch 57: head: Default, loss=0.01478643, RMSE_E_per_atom=    3.47 meV, RMSE_F=   85.98 meV / A
2026-07-01 12:19:43.594 INFO: Epoch 58: head: Default, loss=0.01458476, RMSE_E_per_atom=    3.13 meV, RMSE_F=   85.39 meV / A
2026-07-01 12:19:44.018 INFO: Epoch 59: head: Default, loss=0.01448008, RMSE_E_per_atom=    3.50 meV, RMSE_F=   85.08 meV / A
2026-07-01 12:19:44.457 INFO: Epoch 60: head: Default, loss=0.01445295, RMSE_E_per_atom=    3.42 meV, RMSE_F=   85.00 meV / A
2026-07-01 12:19:44.867 INFO: Epoch 61: head: Default, loss=0.01442752, RMSE_E_per_atom=    3.58 meV, RMSE_F=   84.93 meV / A
2026-07-01 12:19:45.266 INFO: Epoch 62: head: Default, loss=0.01436053, RMSE_E_per_atom=    3.71 meV, RMSE_F=   84.73 meV / A
2026-07-01 12:19:45.682 INFO: Epoch 63: head: Default, loss=0.01419959, RMSE_E_per_atom=    3.84 meV, RMSE_F=   84.25 meV / A
2026-07-01 12:19:46.120 INFO: Epoch 64: head: Default, loss=0.01410259, RMSE_E_per_atom=    3.84 meV, RMSE_F=   83.96 meV / A
2026-07-01 12:19:46.513 INFO: Epoch 65: head: Default, loss=0.01404147, RMSE_E_per_atom=    3.85 meV, RMSE_F=   83.78 meV / A
2026-07-01 12:19:46.921 INFO: Epoch 66: head: Default, loss=0.01411753, RMSE_E_per_atom=    3.86 meV, RMSE_F=   84.01 meV / A
2026-07-01 12:19:47.228 INFO: Epoch 67: head: Default, loss=0.01402470, RMSE_E_per_atom=    3.59 meV, RMSE_F=   83.73 meV / A
2026-07-01 12:19:47.639 INFO: Epoch 68: head: Default, loss=0.01381732, RMSE_E_per_atom=    3.45 meV, RMSE_F=   83.11 meV / A
2026-07-01 12:19:48.044 INFO: Epoch 69: head: Default, loss=0.01355794, RMSE_E_per_atom=    2.69 meV, RMSE_F=   82.33 meV / A
2026-07-01 12:19:48.461 INFO: Epoch 70: head: Default, loss=0.01357817, RMSE_E_per_atom=    3.11 meV, RMSE_F=   82.39 meV / A
2026-07-01 12:19:48.760 INFO: Epoch 71: head: Default, loss=0.01397019, RMSE_E_per_atom=    3.97 meV, RMSE_F=   83.57 meV / A
2026-07-01 12:19:49.060 INFO: Epoch 72: head: Default, loss=0.01371934, RMSE_E_per_atom=    3.16 meV, RMSE_F=   82.82 meV / A
2026-07-01 12:19:49.360 INFO: Epoch 73: head: Default, loss=0.01346770, RMSE_E_per_atom=    2.77 meV, RMSE_F=   82.06 meV / A
2026-07-01 12:19:49.766 INFO: Epoch 74: head: Default, loss=0.01322059, RMSE_E_per_atom=    2.59 meV, RMSE_F=   81.30 meV / A
2026-07-01 12:19:50.174 INFO: Epoch 75: head: Default, loss=0.01324179, RMSE_E_per_atom=    3.13 meV, RMSE_F=   81.36 meV / A
2026-07-01 12:19:50.475 INFO: Epoch 76: head: Default, loss=0.01338815, RMSE_E_per_atom=    3.28 meV, RMSE_F=   81.81 meV / A
2026-07-01 12:19:50.776 INFO: Epoch 77: head: Default, loss=0.01326739, RMSE_E_per_atom=    3.19 meV, RMSE_F=   81.44 meV / A
2026-07-01 12:19:51.077 INFO: Epoch 78: head: Default, loss=0.01301799, RMSE_E_per_atom=    2.80 meV, RMSE_F=   80.67 meV / A
2026-07-01 12:19:51.490 INFO: Epoch 79: head: Default, loss=0.01285542, RMSE_E_per_atom=    2.77 meV, RMSE_F=   80.17 meV / A
2026-07-01 12:19:51.898 INFO: Epoch 80: head: Default, loss=0.01292300, RMSE_E_per_atom=    4.18 meV, RMSE_F=   80.37 meV / A
2026-07-01 12:19:52.201 INFO: Epoch 81: head: Default, loss=0.01308544, RMSE_E_per_atom=    4.58 meV, RMSE_F=   80.87 meV / A
2026-07-01 12:19:52.504 INFO: Epoch 82: head: Default, loss=0.01288585, RMSE_E_per_atom=    3.86 meV, RMSE_F=   80.26 meV / A
2026-07-01 12:19:52.807 INFO: Epoch 83: head: Default, loss=0.01276144, RMSE_E_per_atom=    3.14 meV, RMSE_F=   79.87 meV / A
2026-07-01 12:19:53.231 INFO: Epoch 84: head: Default, loss=0.01276546, RMSE_E_per_atom=    2.64 meV, RMSE_F=   79.89 meV / A
2026-07-01 12:19:53.533 INFO: Epoch 85: head: Default, loss=0.01267521, RMSE_E_per_atom=    2.63 meV, RMSE_F=   79.60 meV / A
2026-07-01 12:19:53.947 INFO: Epoch 86: head: Default, loss=0.01259575, RMSE_E_per_atom=    2.76 meV, RMSE_F=   79.35 meV / A
2026-07-01 12:19:54.355 INFO: Epoch 87: head: Default, loss=0.01260282, RMSE_E_per_atom=    2.73 meV, RMSE_F=   79.38 meV / A
2026-07-01 12:19:54.656 INFO: Epoch 88: head: Default, loss=0.01263669, RMSE_E_per_atom=    2.75 meV, RMSE_F=   79.48 meV / A
2026-07-01 12:19:54.956 INFO: Epoch 89: head: Default, loss=0.01245301, RMSE_E_per_atom=    3.25 meV, RMSE_F=   78.90 meV / A
2026-07-01 12:19:55.069 INFO: Changing loss based on Stage Two Weights
2026-07-01 12:19:55.377 INFO: Epoch 90: head: Default, loss=0.25400627, RMSE_E_per_atom=    6.63 meV, RMSE_F=  110.73 meV / A
2026-07-01 12:19:55.796 INFO: Epoch 91: head: Default, loss=0.82211065, RMSE_E_per_atom=   49.02 meV, RMSE_F=  130.68 meV / A
2026-07-01 12:19:56.099 INFO: Epoch 92: head: Default, loss=0.30025178, RMSE_E_per_atom=   20.81 meV, RMSE_F=  103.35 meV / A
2026-07-01 12:19:56.406 INFO: Epoch 93: head: Default, loss=0.49656639, RMSE_E_per_atom=   36.91 meV, RMSE_F=  105.85 meV / A
2026-07-01 12:19:56.711 INFO: Epoch 94: head: Default, loss=0.19032361, RMSE_E_per_atom=   12.27 meV, RMSE_F=   89.50 meV / A
2026-07-01 12:19:57.132 INFO: Epoch 95: head: Default, loss=0.29305458, RMSE_E_per_atom=   22.28 meV, RMSE_F=   98.42 meV / A
2026-07-01 12:19:57.436 INFO: Epoch 96: head: Default, loss=0.21451232, RMSE_E_per_atom=   12.48 meV, RMSE_F=   95.76 meV / A
2026-07-01 12:19:57.737 INFO: Epoch 97: head: Default, loss=0.29493481, RMSE_E_per_atom=   19.19 meV, RMSE_F=  105.19 meV / A
2026-07-01 12:19:58.050 INFO: Epoch 98: head: Default, loss=0.18507116, RMSE_E_per_atom=   18.15 meV, RMSE_F=   77.19 meV / A
2026-07-01 12:19:58.473 INFO: Epoch 99: head: Default, loss=0.12202628, RMSE_E_per_atom=    1.24 meV, RMSE_F=   78.01 meV / A
2026-07-01 12:19:58.896 INFO: Epoch 100: head: Default, loss=0.11562221, RMSE_E_per_atom=    5.90 meV, RMSE_F=   73.71 meV / A
2026-07-01 12:19:59.312 INFO: Epoch 101: head: Default, loss=0.11299183, RMSE_E_per_atom=    8.95 meV, RMSE_F=   69.63 meV / A
2026-07-01 12:19:59.734 INFO: Epoch 102: head: Default, loss=0.10101442, RMSE_E_per_atom=    4.16 meV, RMSE_F=   69.84 meV / A
2026-07-01 12:20:00.154 INFO: Epoch 103: head: Default, loss=0.12141403, RMSE_E_per_atom=    7.63 meV, RMSE_F=   74.09 meV / A
2026-07-01 12:20:00.460 INFO: Epoch 104: head: Default, loss=0.14480326, RMSE_E_per_atom=   14.23 meV, RMSE_F=   72.21 meV / A
2026-07-01 12:20:00.766 INFO: Epoch 105: head: Default, loss=0.13023873, RMSE_E_per_atom=   11.39 meV, RMSE_F=   72.22 meV / A
2026-07-01 12:20:01.072 INFO: Epoch 106: head: Default, loss=0.11676054, RMSE_E_per_atom=    3.40 meV, RMSE_F=   75.65 meV / A
2026-07-01 12:20:01.379 INFO: Epoch 107: head: Default, loss=0.12162243, RMSE_E_per_atom=    3.19 meV, RMSE_F=   77.33 meV / A
2026-07-01 12:20:01.686 INFO: Epoch 108: head: Default, loss=0.10504570, RMSE_E_per_atom=    2.84 meV, RMSE_F=   71.91 meV / A
2026-07-01 12:20:01.991 INFO: Epoch 109: head: Default, loss=0.10633501, RMSE_E_per_atom=    5.31 meV, RMSE_F=   70.96 meV / A
2026-07-01 12:20:02.298 INFO: Epoch 110: head: Default, loss=0.11422535, RMSE_E_per_atom=    1.36 meV, RMSE_F=   75.45 meV / A
2026-07-01 12:20:02.606 INFO: Epoch 111: head: Default, loss=0.10651919, RMSE_E_per_atom=    9.57 meV, RMSE_F=   66.41 meV / A
2026-07-01 12:20:02.914 INFO: Epoch 112: head: Default, loss=0.08229982, RMSE_E_per_atom=    1.67 meV, RMSE_F=   63.93 meV / A
2026-07-01 12:20:03.331 INFO: Epoch 113: head: Default, loss=0.10723287, RMSE_E_per_atom=    5.29 meV, RMSE_F=   71.29 meV / A
2026-07-01 12:20:03.638 INFO: Epoch 114: head: Default, loss=0.09425239, RMSE_E_per_atom=    3.22 meV, RMSE_F=   67.89 meV / A
2026-07-01 12:20:03.944 INFO: Epoch 115: head: Default, loss=0.10850464, RMSE_E_per_atom=    8.85 meV, RMSE_F=   68.13 meV / A
2026-07-01 12:20:04.249 INFO: Epoch 116: head: Default, loss=0.07991375, RMSE_E_per_atom=    3.27 meV, RMSE_F=   62.36 meV / A
2026-07-01 12:20:04.670 INFO: Epoch 117: head: Default, loss=0.08504226, RMSE_E_per_atom=    3.26 meV, RMSE_F=   64.39 meV / A
2026-07-01 12:20:04.974 INFO: Epoch 118: head: Default, loss=0.08206354, RMSE_E_per_atom=    3.34 meV, RMSE_F=   63.18 meV / A
2026-07-01 12:20:05.282 INFO: Epoch 119: head: Default, loss=0.08757586, RMSE_E_per_atom=    3.78 meV, RMSE_F=   65.08 meV / A
2026-07-01 12:20:05.282 INFO: Training complete
2026-07-01 12:20:05.282 INFO: 
2026-07-01 12:20:05.282 INFO: ===========RESULTS===========
2026-07-01 12:20:05.285 INFO: Loading checkpoint: checkpoints/li6ps5cl_ft_run-0_epoch-89.pt
/home/svu/e1582271/macepkg/lib/python3.10/site-packages/mace/tools/checkpoint.py:187: FutureWarning: You are using `torch.load` with `weights_only=False` (the current default value), which uses the default pickle module implicitly. It is possible to construct malicious pickle data which will execute arbitrary code during unpickling (See https://github.com/pytorch/pytorch/blob/main/SECURITY.md#untrusted-models for more details). In a future release, the default value for `weights_only` will be flipped to `True`. This limits the functions that could be executed during unpickling. Arbitrary objects will no longer be allowed to be loaded via this mode unless they are explicitly allowlisted by the user via `torch.serialization.add_safe_globals`. We recommend you start setting `weights_only=True` for any use case where you don't have full control of the loaded file. Please open an issue on GitHub for any issues related to this experimental feature.
  torch.load(f=checkpoint_info.path, map_location=device),
2026-07-01 12:20:05.351 INFO: Loaded Stage one model from epoch 89 for evaluation
2026-07-01 12:20:05.351 INFO: Saving model to checkpoints/li6ps5cl_ft_run-0.model
2026-07-01 12:20:05.602 INFO: Compiling model, saving metadata to models/li6ps5cl_ft_compiled.model
2026-07-01 12:20:06.569 INFO: Computing metrics for training, validation, and test sets
2026-07-01 12:20:06.570 INFO: Skipping evaluation for heads: ['pt_head']
2026-07-01 12:20:06.571 INFO: Evaluating train_Default ...
2026-07-01 12:20:07.097 INFO: Evaluating valid_Default ...
2026-07-01 12:20:07.259 INFO: Error-table on TRAIN and VALID:
+---------------+---------------------+------------------+-------------------+
|  config_type  | RMSE E / meV / atom | RMSE F / meV / A | relative F RMSE % |
+---------------+---------------------+------------------+-------------------+
| train_Default |            2.7      |         72.4     |          9.99     |
| valid_Default |            3.3      |         78.9     |         10.60     |
+---------------+---------------------+------------------+-------------------+
2026-07-01 12:20:09.422 INFO: Loading checkpoint: checkpoints/li6ps5cl_ft_run-0_epoch-116_swa.pt
/home/svu/e1582271/macepkg/lib/python3.10/site-packages/mace/tools/checkpoint.py:187: FutureWarning: You are using `torch.load` with `weights_only=False` (the current default value), which uses the default pickle module implicitly. It is possible to construct malicious pickle data which will execute arbitrary code during unpickling (See https://github.com/pytorch/pytorch/blob/main/SECURITY.md#untrusted-models for more details). In a future release, the default value for `weights_only` will be flipped to `True`. This limits the functions that could be executed during unpickling. Arbitrary objects will no longer be allowed to be loaded via this mode unless they are explicitly allowlisted by the user via `torch.serialization.add_safe_globals`. We recommend you start setting `weights_only=True` for any use case where you don't have full control of the loaded file. Please open an issue on GitHub for any issues related to this experimental feature.
  torch.load(f=checkpoint_info.path, map_location=device),
2026-07-01 12:20:09.484 INFO: Loaded Stage two model from epoch 116 for evaluation
2026-07-01 12:20:09.485 INFO: Saving model to checkpoints/li6ps5cl_ft_run-0_stagetwo.model
2026-07-01 12:20:09.731 INFO: Compiling model, saving metadata models/li6ps5cl_ft_stagetwo_compiled.model
/usr/local/lib/python3.10/dist-packages/torch/jit/_check.py:178: UserWarning: The TorchScript type system doesn't support instance-level annotations on empty non-base types in `__init__`. Instead, either 1) use a type annotation in the class body, or 2) wrap the type in `torch.jit.Attribute`.
  warnings.warn(
2026-07-01 12:20:10.546 INFO: Computing metrics for training, validation, and test sets
2026-07-01 12:20:10.547 INFO: Skipping evaluation for heads: ['pt_head']
2026-07-01 12:20:10.547 INFO: Evaluating train_Default ...
2026-07-01 12:20:10.709 INFO: Evaluating valid_Default ...
2026-07-01 12:20:10.752 INFO: Error-table on TRAIN and VALID:
+---------------+---------------------+------------------+-------------------+
|  config_type  | RMSE E / meV / atom | RMSE F / meV / A | relative F RMSE % |
+---------------+---------------------+------------------+-------------------+
| train_Default |            5.2      |         47.9     |          6.74     |
| valid_Default |            3.3      |         62.4     |          8.38     |
+---------------+---------------------+------------------+-------------------+
2026-07-01 12:20:12.435 INFO: Done
[ft] done -> models/li6ps5cl_ft.model
[ft] re-run MD with the fine-tuned model, e.g.:
     python3 02_baseline_md.py --mlip mace --mace-model models/li6ps5cl_ft.model \
             --device cuda --temps 600,800,1000 --steps 50000 --traj-tag _ft
[pbs] end=Wed Jul  1 08:20:15 PM +08 2026  -> finetune/models/li6ps5cl_ft.model
